// Jest Snapshot v1, https://goo.gl/fbAQLP

exports[`App component renders App 1`] = `
<BrowserRouter>
  <Route
    component={[Function]}
    exact={true}
    path="/"
  />
  <Route
    component={[Function]}
    path="/search/:artistName"
  />
  <Route
    component={[Function]}
    path="/page/:page"
  />
  <Route
    component={[Function]}
    path="/artist/:id"
  />
  <Route
    component={[Function]}
    path="/album/:id"
  />
</BrowserRouter>
`;
